// Jest Snapshot v1, https://goo.gl/fbAQLP

exports[`utilities generates a correct svg 1`] = `"data:image/svg+xml;charset=UTF-8,<svg width="512" height="512" xmlns="http://www.w3.org/2000/svg"><rect height="512" width="512" y="-1" x="-1" fill="currentColor"/><text transform="matrix(1 0 0 1 0 0)" font-weight="bold" stroke="%23000" xml:space="preserve" font-family="'Inter', sans-serif" font-size="180" stroke-width="0" x="50%" y="54%" dominant-baseline="middle" text-anchor="middle" fill="%23fff">TE</text></svg>"`;
